[
  {
    "name": "test_topic_1",
    "slug": "tt1",
    "desc": "first test topic",
    "variables": [
      {
        "name": "test variable 3",
        "code": "test_var_3",
        "slug": "test-var-3",
        "desc": "third test variable",
        "units": "Person",
        "classifications": [
          {
            "code": "test_var_3_3a",
            "slug": "test-var-3-3a",
            "desc": "third test variable, 3 answers",
            "chorolpleth_default": true,
            "dot_density_default": true,
            "categories": [
              {
                "name": "test_var_3_3a_1",
                "slug": "test-var-3-3a-1",
                "code": "test-var-3-3a-1=1",
                "legend_str_1": " of people in {location}",
                "legend_str_2": " are ",
                "legend_str_3": "test_var_3_3a_1"
              },
              {
                "name": "test_var_3_3a_2",
                "slug": "test-var-3-3a-2",
                "code": "test-var-3-3a-2=2,3",
                "legend_str_1": " of people in {location}",
                "legend_str_2": " are ",
                "legend_str_3": "test_var_3_3a_2"
              }
            ]
          },
          {
            "code": "test_var_3_6a",
            "slug": "test-var-3-6a",
            "desc": "third test variable, 6 answers",
            "categories": [
              {
                "name": "test_var_3_6a_1",
                "slug": "test-var-3-6a-1",
                "code": "test-var-3-6a-1=1",
                "legend_str_1": " of people in {location}",
                "legend_str_2": " are ",
                "legend_str_3": "test_var_3_6a_1"
              },
              {
                "name": "test_var_3_6a_2",
                "slug": "test-var-3-6a-2",
                "code": "test-var-3-6a-2=2",
                "legend_str_1": " of people in {location}",
                "legend_str_2": " are ",
                "legend_str_3": "test_var_3_6a_2"
              },
              {
                "name": "test_var_3_6a_3",
                "slug": "test-var-3-6a-3",
                "code": "test-var-3-6a-3=3",
                "legend_str_1": " of people in {location}",
                "legend_str_2": " are ",
                "legend_str_3": "test_var_3_6a_3"
              },
              {
                "name": "test_var_3_6a_4",
                "slug": "test-var-3-6a-4",
                "code": "test-var-3-6a-4=4",
                "legend_str_1": " of people in {location}",
                "legend_str_2": " are ",
                "legend_str_3": "test_var_3_6a_4"
              },
              {
                "name": "test_var_3_6a_5",
                "slug": "test-var-3-6a-5",
                "code": "test-var-3-6a-5=5-9",
                "legend_str_1": " of people in {location}",
                "legend_str_2": " are ",
                "legend_str_3": "test_var_3_6a_5"
              }
            ]
          }
        ]
      }
    ]
  }
]
